// Jest Snapshot v1, https://goo.gl/fbAQLP

exports[`<BreedsList /> should render correctly 1`] = `
<div
  className="container"
>
  <div
    className="container"
    onClick={[Function]}
  >
    <div>
      American (Terrier)
    </div>
  </div>
  <div
    className="container"
    onClick={[Function]}
  >
    <div>
      Australian (Terrier)
    </div>
  </div>
  <div
    className="container"
    onClick={[Function]}
  >
    <div>
      Bedlington (Terrier)
    </div>
  </div>
  <div
    className="container"
    onClick={[Function]}
  >
    <div>
      Border (Terrier)
    </div>
  </div>
  <div
    className="container"
    onClick={[Function]}
  >
    <div>
      Dandie (Terrier)
    </div>
  </div>
  <div
    className="container"
    onClick={[Function]}
  >
    <div>
      Fox (Terrier)
    </div>
  </div>
  <div
    className="container"
    onClick={[Function]}
  >
    <div>
      Irish (Terrier)
    </div>
  </div>
  <div
    className="container"
    onClick={[Function]}
  >
    <div>
      Kerryblue (Terrier)
    </div>
  </div>
  <div
    className="container"
    onClick={[Function]}
  >
    <div>
      Lakeland (Terrier)
    </div>
  </div>
  <div
    className="container"
    onClick={[Function]}
  >
    <div>
      Norfolk (Terrier)
    </div>
  </div>
  <div
    className="container"
    onClick={[Function]}
  >
    <div>
      Norwich (Terrier)
    </div>
  </div>
  <div
    className="container"
    onClick={[Function]}
  >
    <div>
      Patterdale (Terrier)
    </div>
  </div>
  <div
    className="container"
    onClick={[Function]}
  >
    <div>
      Scottish (Terrier)
    </div>
  </div>
  <div
    className="container"
    onClick={[Function]}
  >
    <div>
      Sealyham (Terrier)
    </div>
  </div>
  <div
    className="container"
    onClick={[Function]}
  >
    <div>
      Silky (Terrier)
    </div>
  </div>
  <div
    className="container"
    onClick={[Function]}
  >
    <div>
      Tibetan (Terrier)
    </div>
  </div>
  <div
    className="container"
    onClick={[Function]}
  >
    <div>
      Toy (Terrier)
    </div>
  </div>
  <div
    className="container"
    onClick={[Function]}
  >
    <div>
      Westhighland (Terrier)
    </div>
  </div>
  <div
    className="container"
    onClick={[Function]}
  >
    <div>
      Wheaten (Terrier)
    </div>
  </div>
  <div
    className="container"
    onClick={[Function]}
  >
    <div>
      Yorkshire (Terrier)
    </div>
  </div>
  <div
    className="container"
    onClick={[Function]}
  >
    <div>
      Vizsla
    </div>
  </div>
  <div
    className="container"
    onClick={[Function]}
  >
    <div>
      Weimaraner
    </div>
  </div>
</div>
`;
